alsa-utils
ark
autorandr
aws-cli
base
base-devel
betterbird-bin
blueman
bluez
bluez-utils
brightnessctl
calibre
chezmoi
cliphist
code
discord
docker
docker-compose
dolphin
dunst
efibootmgr
eza
fastfetch
fd
ffmpegthumbs
firefox
flatpak
gcc
git
github-cli
grimblast-git
grub
gst-plugin-pipewire
handlr-regex
hyde-cli-git
hyprland
hyprpicker
imagemagick
jq
kde-cli-tools
keepassxc
kio-admin
kitty
kvantum
kvantum-qt5
libnotify
libreoffice-fresh
librewolf-bin
linux
linux-firmware
linux-headers
make
mochi-appimage
nano
neofetch
neovim
network-manager-applet
networkmanager
notion-app-electron
nvidia-dkms
nvidia-utils
nwg-look
obsidian
oh-my-zsh-git
openresolv
os-prober
pacman-contrib
pamixer
parallel
pavucontrol
pipewire
pipewire-alsa
pipewire-audio
pipewire-jack
pipewire-pulse
pkgconf
pokemon-colorscripts-git
polkit-gnome
polkit-kde-agent
powertop
protonmail-desktop
python-boto3
python-flask
python-pip
python-pipx
python-pyamdgpuinfo
python-requests
qt5-graphicaleffects
qt5-imageformats
qt5-quickcontrols
qt5-quickcontrols2
qt5-wayland
qt5ct
qt6-wayland
qt6ct
rofi-lbonn-wayland-git
sddm
signal-desktop
slurp
sof-firmware
sudo
swappy
swaylock-effects-git
swww
syncthing
teams-for-linux-bin
tlp
torbrowser-launcher
udiskie
vi
vim
waybar
wireguard-go
wireguard-tools
wireplumber
wlogout
xdg-desktop-portal-hyprland
xf86-video-vesa
xorg-bdftopcf
xorg-docs
xorg-font-util
xorg-fonts-100dpi
xorg-fonts-75dpi
xorg-iceauth
xorg-mkfontscale
xorg-server-devel
xorg-server-xephyr
xorg-server-xnest
xorg-server-xvfb
xorg-sessreg
xorg-smproxy
xorg-x11perf
xorg-xbacklight
xorg-xcmsdb
xorg-xcursorgen
xorg-xdpyinfo
xorg-xdriinfo
xorg-xev
xorg-xgamma
xorg-xhost
xorg-xkbevd
xorg-xkbutils
xorg-xkill
xorg-xlsatoms
xorg-xlsclients
xorg-xmodmap
xorg-xpr
xorg-xrdb
xorg-xrefresh
xorg-xsetroot
xorg-xvinfo
xorg-xwd
xorg-xwininfo
xorg-xwud
yay
yay-debug
zsh
zsh-theme-powerlevel10k-git
